{"tool":"phpunit","result":"passed","tests":8,"passed":8,"assertions":24,"duration_ms":2001}
